// Jest Snapshot v1, https://goo.gl/fbAQLP

exports[`navbar renders navbar component correctly 1`] = `
<nav
  className="navbar navbar-expand-lg bg-dark navbar-dark fixed-top"
  id="mainNav"
>
  <div
    className="container"
  >
    <a
      className="navbar-brand"
      href="#/posts"
    >
      NewTech Blog
    </a>
    <button
      aria-controls="navbarResponsive"
      aria-expanded="false"
      aria-label="Toggle navigation"
      className="navbar-toggler navbar-toggler-right"
      data-target="#navbarResponsive"
      data-toggle="collapse"
      type="button"
    >
      Menu
      <i
        className="fa fa-bars"
      />
    </button>
    <div
      className="collapse navbar-collapse"
      id="navbarResponsive"
    >
      <ul
        className="navbar-nav ml-auto"
      >
        <li
          className="nav-item"
        >
          <a
            className="nav-link"
            href="#/posts"
          >
            Posts
          </a>
        </li>
        <li
          className="nav-item"
        >
          <a
            className="nav-link"
            href="#/about"
          >
            About
          </a>
        </li>
      </ul>
    </div>
  </div>
</nav>
`;
